[luxurychiangmai.com/index.html]
[backblue.gif]
[fade.gif]
[index.html]
[luxurychiangmai.com/wp-content/plugins/instagram-feed/css/sb-instagram.min2f3e.css]
[maxcdn.bootstrapcdn.com/font-awesome/4.7.0/css/font-awesome.min.css]
[luxurychiangmai.com/wp-content/plugins/official-mailerlite-sign-up-forms/assets/css/mailerlite_formsad05.css]
[luxurychiangmai.com/wp-includes/css/dashicons.min092c.css]
[luxurychiangmai.com/wp-content/themes/edge/style092c.css]
[luxurychiangmai.com/wp-content/themes/edge/assets/font-awesome/css/font-awesome.min092c.css]
[luxurychiangmai.com/wp-content/themes/edge/css/responsive092c.css]
[luxurychiangmai.com/page/2/index.html]
[luxurychiangmai.com/wp-content/plugins/jetpack/modules/widgets/social-icons/social-iconsf4df.css]
[luxurychiangmai.com/wp-content/plugins/jetpack/css/jetpacke35d.css]
[luxurychiangmai.com/wp-includes/js/jquery/jqueryb8ff.js]
[luxurychiangmai.com/wp-includes/js/jquery/jquery-migrate.min330a.js]
[luxurychiangmai.com/wp-content/themes/edge/js/edge-main092c.js]
[luxurychiangmai.com/comments/feed/index.html]
[luxurychiangmai.com/xmlrpc0db0.php]
[luxurychiangmai.com/feed/index.html]
[luxurychiangmai.com/wp-includes/wlwmanifest.xml]
[static.mailerlite.com/js/universal.js]
[luxurychiangmai.com/wp-content/uploads/2017/05/cropped-diamond-32x32.png]
[luxurychiangmai.com/wp-json/index.html]
[luxurychiangmai.com/wp-content/uploads/2017/05/cropped-diamond-192x192.png]
[luxurychiangmai.com/wp-content/uploads/2017/05/cropped-diamond-180x180.png]
[luxurychiangmai.com/wp-content/uploads/2021/03/louis-magnotti-YvCg5X3pWzc-unsplash-1.jpg]
[luxurychiangmai.com/category/sleep/index.html]
[luxurychiangmai.com/category/sleep/best-luxury-hotels-chiang-mai/index.html]
[luxurychiangmai.com/category/sleep/unique-hotels-chiang-mai/index.html]
[luxurychiangmai.com/wp-content/uploads/2020/02/Four-Seasons-Bangkok-Chao-Phraya-Presidential-Suite.jpg]
[luxurychiangmai.com/wp-content/uploads/2018/01/25158317_10155493480168025_1227440847972446684_n.jpg]
[luxurychiangmai.com/category/sleep/real-estate/index.html]
[luxurychiangmai.com/category/do/index.html]
[luxurychiangmai.com/wp-content/uploads/2018/04/envelopes-of-black-ivory-coffee-1-kg-2-2-lbs-of-black-ivory-coffee-1_43a2528d-858a-4cf0-b9bf-39c4c33ef9c9_2048x.jpg]
[luxurychiangmai.com/wp-content/uploads/2018/05/UNCM_Swimming_Pool.jpg]
[luxurychiangmai.com/category/eat/index.html]
[luxurychiangmai.com/wp-content/uploads/2019/10/transferwise-debit-card_330393187.jpg]
[luxurychiangmai.com/category/travel/north-of-chiang-mai/index.html]
[luxurychiangmai.com/category/travel/index.html]
[luxurychiangmai.com/wp-content/uploads/2018/04/HI411914359.jpg]
[luxurychiangmai.com/category/travel/bangkok-luxury/index.html]
[luxurychiangmai.com/wp-content/uploads/2018/08/02-Nimitri-02.jpg]
[luxurychiangmai.com/category/travel/chiang-rai-luxury/index.html]
[luxurychiangmai.com/category/travel/koh-lanta-travel-guide/index.html]
[luxurychiangmai.com/category/travel/koh-samui/index.html]
[luxurychiangmai.com/wp-content/uploads/2018/06/17-nitra-spa-wellness-17-sleep-therapy-w720h575.jpg]
[luxurychiangmai.com/wp-content/uploads/2018/06/AW0047.jpg]
[luxurychiangmai.com/category/travel/phuket-luxury-guide/index.html]
[luxurychiangmai.com/travel-guide-hotels-honeymoons/index.html]
[luxurychiangmai.com/wp-content/uploads/2017/12/IMG_20170617_102648-150x150.jpg]
[luxurychiangmai.com/category/more/index.html]
[luxurychiangmai.com/laura-gibbs-travel-writer/index.html]
[luxurychiangmai.com/laura-gibbs-travel-writer/about-laura/index.html]
[luxurychiangmai.com/category/more/products-from-chiang-mai-thailand/index.html]
[luxurychiangmai.com/more/magazine/index.html]
[luxurychiangmai.com/wp-content/plugins/instagram-feed/js/sb-instagram.min2f3e.js]
[luxurychiangmai.com/luxury-chiang-mai-guide-to-northern-thailand/index.html]
[luxurychiangmai.com/laura-gibbs-travel-writer/contact-luxury-chiang-mai/index.html]
[luxurychiangmai.com/do/future-of-travel-post-covid/index.html]
[s0.wp.com/wp-content/js/devicepx-jetpack5f6c.js]
[secure.gravatar.com/js/gprofiles7e9f.js]
[luxurychiangmai.com/travel/bangkok-luxury/bangkok-new-luxury-hotel-alert/index.html]
[luxurychiangmai.com/eat/black-ivory-coffee-thailand/index.html]
[luxurychiangmai.com/wp-content/plugins/jetpack/modules/wpgroho092c.js]
[luxurychiangmai.com/do/how-to-spend-it/index.html]
[luxurychiangmai.com/wp-content/themes/edge/js/jquery.cycle.all092c.js]
[luxurychiangmai.com/wp-content/themes/edge/js/edge-slider-setting092c.js]
[luxurychiangmai.com/travel/thai-baht-debit-card-exchange-rates-thai-baht/index.html]
[luxurychiangmai.com/travel/azalea-village-chiang-dao/index.html]
[luxurychiangmai.com/sleep/u-nimman-hotel-nimman/index.html]
[luxurychiangmai.com/wp-content/plugins/jetpack/_inc/build/facebook-embed.min.js]
[luxurychiangmai.com/wp-content/plugins/official-mailerlite-sign-up-forms/assets/js/jquery.validate.min092c.js]
[luxurychiangmai.com/eat/moreganic-vegetarian-restaurant/index.html]
[luxurychiangmai.com/travel/bangkok-luxury/137-pillars-sleep-therapy/index.html]
[luxurychiangmai.com/travel/bangkok-luxury/137-pillars-bangkok/index.html]
[luxurychiangmai.com/wp-includes/js/wp-embed.min092c.js]
[luxurychiangmai.com/index.html]
[luxurychiangmai.com/xmlrpc.php]
[stats.wp.com/e-202450.js]
[luxurychiangmai.com/wp-content/uploads/2018/06/AW0084.jpg]
[luxurychiangmai.com/wp-content/uploads/2018/07/Screen-Shot-2018-07-19-at-6.10.06-PM.png]
[luxurychiangmai.com/page/3/index.html]
[luxurychiangmai.com/travel/culture-of-the-mekong-nakhon-phanom/index.html]
[luxurychiangmai.com/sleep/away-thapae-chiang-mai-vegetarian-retreat/index.html]
[luxurychiangmai.com/wp-content/uploads/2018/06/31393225_1723133501056495_6782208931860054016_n.jpg]
[luxurychiangmai.com/wp-content/uploads/2018/06/http_2F2Fluxesocietyasia.com2Fwp-content2Fuploads2F20182F042FStephen-600x340.jpg]
[luxurychiangmai.com/wp-content/uploads/2018/05/32679702_2081364598748602_503869070492303360_o.jpg]
[luxurychiangmai.com/do/shopping-in-chiang-mai/index.html]
[luxurychiangmai.com/wp-content/uploads/2018/05/Chedi-Pond-1.jpg]
[luxurychiangmai.com/travel/bangkok-luxury/137-pillars-season-wellness/index.html]
[luxurychiangmai.com/sleep/unique-hotels-chiang-mai/chandra-residence-artists-hideaway/index.html]
[luxurychiangmai.com/wp-content/uploads/2018/05/Chef_Ronnachai.jpg]
[luxurychiangmai.com/travel/bangkok-luxury/sukhothai-bangkok/index.html]
[luxurychiangmai.com/wp-content/uploads/2018/05/2830785109_b508009d2b_b.jpg]
[luxurychiangmai.com/wp-content/uploads/2018/05/น้ำตกบัวตอง_Buatong_Waterfall_Thailand_-_panoramio_1.jpg]
[luxurychiangmai.com/eat/rincome-u-nimman-restaurant/index.html]
[luxurychiangmai.com/wp-content/uploads/2018/01/resi3-1.jpg]
[luxurychiangmai.com/page/2/index.html]
[luxurychiangmai.com/more/luxury-hotels-thailand-ideas/index.html]
[luxurychiangmai.com/do/waterfalls-chiang-mai/index.html]
[luxurychiangmai.com/wp-content/uploads/2018/03/990-exterior-Puripunn-hotel-Chiang-Mai.jpg]
[luxurychiangmai.com/sleep/18-chiang-mai-hotels/index.html]
[luxurychiangmai.com/wp-content/uploads/2018/03/Offering-alms-to-monks-at-Siripanna_00019.jpg]
[luxurychiangmai.com/category/sleep/index.html]
[luxurychiangmai.com/category/sleep/feed/index.html]
[luxurychiangmai.com/category/sleep/page/2/index.html]
[luxurychiangmai.com/wp-content/uploads/2018/03/akyra-chiang-mai-gallery-1.jpg]
[luxurychiangmai.com/sleep/puripunn-baby-grand-boutique-hotel/index.html]
[luxurychiangmai.com/wp-content/uploads/2017/12/IMG_20170318_102220.jpg]
[luxurychiangmai.com/sleep/siripanna-villa-resort-spa/index.html]
[luxurychiangmai.com/category/sleep/best-luxury-hotels-chiang-mai/page/2/index.html]
[luxurychiangmai.com/wp-content/uploads/2017/10/137-PH-William-Bain-Suite-Living-Room.jpg]
[luxurychiangmai.com/category/sleep/best-luxury-hotels-chiang-mai/feed/index.html]
[luxurychiangmai.com/wp-content/uploads/2017/08/012.jpg]
[luxurychiangmai.com/category/sleep/best-luxury-hotels-chiang-mai/index.html]
[luxurychiangmai.com/sleep/akyra-manor-city-hotel/index.html]
[luxurychiangmai.com/sleep/137-pillars-house-best-hotel/index.html]
[luxurychiangmai.com/sleep/anantara-chiang-mai-staycation/index.html]
[luxurychiangmai.com/wp-content/uploads/2018/01/DSC00668.jpg]
[luxurychiangmai.com/category/sleep/unique-hotels-chiang-mai/feed/index.html]
[luxurychiangmai.com/sleep/na-nirand-romantic-boutique-resort/index.html]
[luxurychiangmai.com/sleep/chai-lai-orchid-sleep-nature-elephants/index.html]
[luxurychiangmai.com/sleep/om-waters-weekend-nature-houseboat/index.html]
[luxurychiangmai.com/wp-content/uploads/2017/12/cover_orig-1.jpg]
[luxurychiangmai.com/category/sleep/unique-hotels-chiang-mai/index.html]
[luxurychiangmai.com/wp-content/uploads/2017/11/14570733_669259249903613_932999327452720367_o.jpg]
[luxurychiangmai.com/wp-content/uploads/2018/01/final_bedroom5k3edit3-1.jpg]
[luxurychiangmai.com/category/sleep/real-estate/feed/index.html]
[luxurychiangmai.com/wp-content/uploads/2017/11/NATURALVILLA_HOUSE_DAY11.jpg]
[luxurychiangmai.com/wp-content/uploads/2017/05/home1.jpg]
[luxurychiangmai.com/sleep/camp-chiang-mai/index.html]
[luxurychiangmai.com/category/sleep/real-estate/index.html]
[luxurychiangmai.com/sleep/real-estate/sanctum-chiangmai-safety-luxury/index.html]
[luxurychiangmai.com/sleep/baan-lam-yai-luxury-villa-sale/index.html]
[luxurychiangmai.com/sleep/where-to-stay-in-chiang-mai/index.html]
[luxurychiangmai.com/wp-content/uploads/2018/03/received_101577254229252492.jpg]
[luxurychiangmai.com/wp-content/uploads/2018/03/akyra-chiang-mai-dining-italics-italian-restaurant-1.jpg]
[luxurychiangmai.com/category/eat/feed/index.html]
[luxurychiangmai.com/eat/thai-high-tea-punna-cafe/index.html]
[luxurychiangmai.com/wp-content/uploads/2017/12/IMG_20170317_190811.jpg]
[luxurychiangmai.com/wp-content/uploads/2017/09/Le-Crystal-Chiang-Mai-Restaruant-starter.jpg]
[luxurychiangmai.com/eat/an-evening-in-italics/index.html]
[luxurychiangmai.com/wp-content/uploads/2017/10/14225345_10153749080266976_3116390603027777237_n.jpg]
[luxurychiangmai.com/eat/the-service-1921/index.html]
[luxurychiangmai.com/wp-content/uploads/2017/10/IMG_20170930_190153.jpg]
[luxurychiangmai.com/wp-content/uploads/2017/06/N095352.jpg]
[luxurychiangmai.com/category/eat/index.html]
[luxurychiangmai.com/eat/le-crystal-french-restaurant/index.html]
[luxurychiangmai.com/eat/vegetarian-chiang-mai-7-days-vegetarian-food/index.html]
[luxurychiangmai.com/eat/cuisine-de-garden-experimental-dining/index.html]
[luxurychiangmai.com/wp-content/uploads/2018/02/Books-About-Thailand.jpg]
[luxurychiangmai.com/eat/davids-kitchen-best-restaurant-chiang-mai/index.html]
[luxurychiangmai.com/wp-content/uploads/2017/12/IMG_20140116_122726.jpg]
[luxurychiangmai.com/wp-content/uploads/2017/06/IMG_0555.jpg]
[luxurychiangmai.com/category/do/index.html]
[luxurychiangmai.com/category/do/feed/index.html]
[luxurychiangmai.com/category/do/page/2/index.html]
[luxurychiangmai.com/category/travel/index.html]
[luxurychiangmai.com/do/books-about-thailand/index.html]
[luxurychiangmai.com/do/trees-of-chiang-mai/index.html]
[luxurychiangmai.com/category/travel/north-of-chiang-mai/index.html]
[luxurychiangmai.com/do/nancy-chandler-chiang-mai-map/index.html]
[luxurychiangmai.com/category/travel/page/2/index.html]
[luxurychiangmai.com/category/travel/feed/index.html]
[luxurychiangmai.com/category/travel/north-of-chiang-mai/feed/index.html]
[luxurychiangmai.com/category/travel/chiang-rai-luxury/feed/index.html]
[luxurychiangmai.com/wp-content/uploads/2018/04/AGT_Spa-Reception_Therapist_G_A_H.jpg]
[luxurychiangmai.com/wp-content/uploads/2018/01/Pa-Sak-Tong-Villa-from-Lotus-Pond.jpg]
[luxurychiangmai.com/travel/chiang-rai-luxury/anantara-golden-triangle/index.html]
[luxurychiangmai.com/travel/chiang-rai-luxury/pa-sak-tong-luxury-resort-chiang-rai/index.html]
[luxurychiangmai.com/wp-content/uploads/2018/04/The-Hall-of-Opium-Museum-1.jpg]
[luxurychiangmai.com/travel/chiang-rai-luxury/hall-opium-museum/index.html]
[luxurychiangmai.com/wp-content/uploads/2018/04/white-temple-1597229_960_720.jpg]
[luxurychiangmai.com/wp-content/uploads/2018/01/pic_1490841128_3.jpg]
[luxurychiangmai.com/travel/temples-of-chiang-rai/index.html]
[luxurychiangmai.com/wp-content/uploads/2017/12/IMG_20171205_145107.jpg]
[luxurychiangmai.com/category/travel/chiang-rai-luxury/index.html]
[luxurychiangmai.com/travel/chiang-khong/index.html]
[luxurychiangmai.com/travel/peak-phu-chi-fah/index.html]
[luxurychiangmai.com/wp-content/uploads/2018/05/Rooftop-Pool-in-Bangkok-So-Sofitel.jpg]
[luxurychiangmai.com/category/travel/bangkok-luxury/index.html]
[luxurychiangmai.com/category/travel/bangkok-luxury/feed/index.html]
[luxurychiangmai.com/travel/bangkok-luxury/rooftop-pools-bangkok/index.html]
[luxurychiangmai.com/wp-content/uploads/2017/11/ow-to-trek-the-desert-trail.jpg]
[luxurychiangmai.com/category/travel/koh-lanta-travel-guide/feed/index.html]
[luxurychiangmai.com/wp-content/uploads/2017/11/IMG_20171028_120031_1.jpg]
[luxurychiangmai.com/wp-content/uploads/2017/11/pimalai_2017Jun11_14_12_villa-on-the-hill-2.jpg]
[luxurychiangmai.com/wp-content/uploads/2017/11/IMG_20171027_180558.jpg]
[luxurychiangmai.com/travel/pimalai-spa-koh-lanta/index.html]
[luxurychiangmai.com/travel/koh-lanta-luxury-guide/index.html]
[luxurychiangmai.com/travel/pimalai-resort-spa-koh-lanta/index.html]
[luxurychiangmai.com/wp-content/uploads/2017/11/diving.jpg]
[luxurychiangmai.com/wp-content/uploads/2017/11/hotel-gallery-5.jpg]
[luxurychiangmai.com/travel/scubafish-diving-pimalai/index.html]
[luxurychiangmai.com/travel/koh-lanta-day-trips-pimalai/index.html]
[luxurychiangmai.com/travel/crown-lanta-resort-spa/index.html]
[luxurychiangmai.com/wp-content/uploads/2017/11/main-slide-dining01.jpg]
[luxurychiangmai.com/category/travel/koh-lanta-travel-guide/index.html]
[luxurychiangmai.com/travel/koh-lanta-dining-crown-lanta/index.html]
[luxurychiangmai.com/wp-content/uploads/2018/03/SalaSamui_Wedding_20-770x440.jpg]
[luxurychiangmai.com/wp-content/uploads/2018/03/20543894_342349109533681_1251193294488125018_o.jpg]
[luxurychiangmai.com/wp-content/uploads/2017/05/002dslibrary_kopie_1.jpg]
[luxurychiangmai.com/category/travel/koh-samui/feed/index.html]
[luxurychiangmai.com/category/travel/koh-samui/index.html]
[luxurychiangmai.com/travel/koh-samui/luxury-writers-residency-paradise/index.html]
[luxurychiangmai.com/travel/koh-samui/luxury-guide-koh-samui/index.html]
[luxurychiangmai.com/wp-content/uploads/2017/11/IMG_20171118_122912.jpg]
[luxurychiangmai.com/travel/mysterious-adverts-thailand-marketing/index.html]
[luxurychiangmai.com/category/travel/phuket-luxury-guide/feed/index.html]
[luxurychiangmai.com/wp-content/uploads/2018/02/IMG_20171118_094827.jpg]
[luxurychiangmai.com/travel/healing-arts-amanpuri-spa/index.html]
[luxurychiangmai.com/travel/phuket-luxury-guide/amanpuri-exploring-phuket/index.html]
[luxurychiangmai.com/wp-content/uploads/2017/11/IMG_20171118_194901.jpg]
[luxurychiangmai.com/category/travel/phuket-luxury-guide/index.html]
[luxurychiangmai.com/wp-content/uploads/2017/09/Luxuriou-Chiang-Mai.jpg]
[luxurychiangmai.com/travel/nama-journey-into-japanese-cuisine-on-phuket/index.html]
[luxurychiangmai.com/wp-json/oembed/1.0/embed1dae.json]
[luxurychiangmai.com/wp-content/uploads/2017/12/IMG_20170317_181806.jpg]
[luxurychiangmai.com/wp-content/uploads/2017/12/IMG_20170617_102648-1.jpg]
[payhip.com/embed-page.61.delayed]
[luxurychiangmai.com/travel-guide-hotels-honeymoons/index.html]
[luxurychiangmai.com/wp-content/uploads/2018/01/Untitled-design.jpg]
[luxurychiangmai.com/wp-content/uploads/2017/12/bg2018.jpg]
[luxurychiangmai.com/wp-content/uploads/2017/11/global-warming.jpg]
[luxurychiangmai.com/category/more/page/2/index.html]
[luxurychiangmai.com/category/more/feed/index.html]
[luxurychiangmai.com/more/siamaya-chiang-mai-chocolate/index.html]
[luxurychiangmai.com/wp-content/uploads/2017/11/Chiang-Mai-Mapiful.jpg]
[luxurychiangmai.com/more/products-from-chiang-mai-thailand/tedx-chiang-mai-2018/index.html]
[luxurychiangmai.com/more/chiang-mai-map-of-memories/index.html]
[luxurychiangmai.com/more/chinese-luxurious-chiang-mai-release/index.html]
[luxurychiangmai.com/wp-content/uploads/2017/09/slider_8.jpg]
[luxurychiangmai.com/category/more/index.html]
[luxurychiangmai.com/wp-content/uploads/2017/09/FB_IMG_1505810284407.jpg]
[luxurychiangmai.com/category/more/products-from-chiang-mai-thailand/index.html]
[luxurychiangmai.com/more/nuvi-nomad-leather-teak-leaves/index.html]
[luxurychiangmai.com/more/meditate-chiang-mai-pause/index.html]
[luxurychiangmai.com/wp-content/uploads/2017/10/61krpl9subl-_sy600_-225x300.jpg]
[luxurychiangmai.com/category/more/products-from-chiang-mai-thailand/feed/index.html]
[luxurychiangmai.com/wp-json/oembed/1.0/embed347b.json]
[luxurychiangmai.com/laura-gibbs-travel-writer/index.html]
[luxurychiangmai.com/wp-content/uploads/2017/09/Makkha-Health-Spa-Luxury-Chiang-Mai-4.jpg]
[luxurychiangmai.com/wp-content/uploads/2017/12/IMG_20170807_155934.jpg]
[luxurychiangmai.com/travel-guide-book-hotels-honeymoons/index.html]
[luxurychiangmai.com/laura-gibbs-travel-writer/about-laura/index.html]
[luxurychiangmai.com/more/magazine/index.html]
[luxurychiangmai.com/luxury-chiang-mai-guide-to-northern-thailand/index.html]
[luxurychiangmai.com/laura-gibbs-travel-writer/contact-luxury-chiang-mai/index.html]
[luxurychiangmai.com/do/future-of-travel-post-covid/index.html]
[luxurychiangmai.com/travel/bangkok-luxury/bangkok-new-luxury-hotel-alert/index.html]
[luxurychiangmai.com/do/how-to-spend-it/index.html]
[luxurychiangmai.com/eat/black-ivory-coffee-thailand/index.html]
[luxurychiangmai.com/sleep/u-nimman-hotel-nimman/index.html]
[luxurychiangmai.com/travel/thai-baht-debit-card-exchange-rates-thai-baht/index.html]
[luxurychiangmai.com/travel/azalea-village-chiang-dao/index.html]
[luxurychiangmai.com/travel/bangkok-luxury/137-pillars-bangkok/index.html]
[luxurychiangmai.com/travel/bangkok-luxury/137-pillars-sleep-therapy/index.html]
[luxurychiangmai.com/eat/moreganic-vegetarian-restaurant/index.html]
[luxurychiangmai.com/wp-admin/admin-ajax.html]
[luxurychiangmai.com/page/3/index.html]
[luxurychiangmai.com/sleep/away-thapae-chiang-mai-vegetarian-retreat/index.html]
[luxurychiangmai.com/travel/culture-of-the-mekong-nakhon-phanom/index.html]
[luxurychiangmai.com/do/shopping-in-chiang-mai/index.html]
[luxurychiangmai.com/travel/bangkok-luxury/137-pillars-season-wellness/index.html]
[luxurychiangmai.com/sleep/unique-hotels-chiang-mai/chandra-residence-artists-hideaway/index.html]
[luxurychiangmai.com/travel/bangkok-luxury/sukhothai-bangkok/index.html]
[luxurychiangmai.com/eat/rincome-u-nimman-restaurant/index.html]
[luxurychiangmai.com/more/luxury-hotels-thailand-ideas/index.html]
[luxurychiangmai.com/do/waterfalls-chiang-mai/index.html]
[luxurychiangmai.com/sleep/18-chiang-mai-hotels/index.html]
[luxurychiangmai.com/category/sleep/page/2/index.html]
[luxurychiangmai.com/sleep/puripunn-baby-grand-boutique-hotel/index.html]
[luxurychiangmai.com/sleep/siripanna-villa-resort-spa/index.html]
[luxurychiangmai.com/category/sleep/best-luxury-hotels-chiang-mai/page/2/index.html]
[luxurychiangmai.com/sleep/akyra-manor-city-hotel/index.html]
[luxurychiangmai.com/sleep/anantara-chiang-mai-staycation/index.html]
[luxurychiangmai.com/sleep/137-pillars-house-best-hotel/index.html]
[luxurychiangmai.com/sleep/na-nirand-romantic-boutique-resort/index.html]
[luxurychiangmai.com/sleep/chai-lai-orchid-sleep-nature-elephants/index.html]
[luxurychiangmai.com/sleep/om-waters-weekend-nature-houseboat/index.html]
[luxurychiangmai.com/sleep/camp-chiang-mai/index.html]
[luxurychiangmai.com/sleep/real-estate/sanctum-chiangmai-safety-luxury/index.html]
[luxurychiangmai.com/sleep/baan-lam-yai-luxury-villa-sale/index.html]
[luxurychiangmai.com/sleep/where-to-stay-in-chiang-mai/index.html]
[luxurychiangmai.com/eat/thai-high-tea-punna-cafe/index.html]
[luxurychiangmai.com/eat/an-evening-in-italics/index.html]
[luxurychiangmai.com/eat/the-service-1921/index.html]
[luxurychiangmai.com/eat/le-crystal-french-restaurant/index.html]
[luxurychiangmai.com/eat/vegetarian-chiang-mai-7-days-vegetarian-food/index.html]
[luxurychiangmai.com/eat/cuisine-de-garden-experimental-dining/index.html]
[luxurychiangmai.com/eat/davids-kitchen-best-restaurant-chiang-mai/index.html]
[luxurychiangmai.com/category/do/page/2/index.html]
[luxurychiangmai.com/do/books-about-thailand/index.html]
[luxurychiangmai.com/do/trees-of-chiang-mai/index.html]
[luxurychiangmai.com/do/nancy-chandler-chiang-mai-map/index.html]
[luxurychiangmai.com/category/travel/page/2/index.html]
[luxurychiangmai.com/travel/chiang-rai-luxury/anantara-golden-triangle/index.html]
[luxurychiangmai.com/travel/chiang-rai-luxury/pa-sak-tong-luxury-resort-chiang-rai/index.html]
[luxurychiangmai.com/travel/chiang-rai-luxury/hall-opium-museum/index.html]
[luxurychiangmai.com/travel/temples-of-chiang-rai/index.html]
[luxurychiangmai.com/travel/chiang-khong/index.html]
[luxurychiangmai.com/travel/peak-phu-chi-fah/index.html]
[luxurychiangmai.com/travel/bangkok-luxury/rooftop-pools-bangkok/index.html]
